// Jest Snapshot v1, https://goo.gl/fbAQLP

exports[`SelectComponent should create 1`] = `
SelectComponent {
  "data": Object {},
  "model": FormControl {
    "_onChange": Array [
      [Function],
    ],
    "_onCollectionChange": [Function],
    "_onDisabledChange": Array [
      [Function],
    ],
    "_pendingValue": "",
    "asyncValidator": null,
    "errors": null,
    "pristine": true,
    "status": "VALID",
    "statusChanges": EventEmitter {
      "__isAsync": false,
      "_isScalar": false,
      "closed": false,
      "hasError": false,
      "isStopped": false,
      "observers": Array [],
      "thrownError": null,
    },
    "touched": false,
    "validator": null,
    "value": "",
    "valueChanges": EventEmitter {
      "__isAsync": false,
      "_isScalar": false,
      "closed": false,
      "hasError": false,
      "isStopped": false,
      "observers": Array [
        Subscriber {
          "_parent": TakeUntilSubscriber {
            "_parent": Subscriber {
              "_parent": null,
              "_parentSubscription": null,
              "_parents": null,
              "_subscriptions": Array [
                [Circular],
              ],
              "closed": false,
              "destination": SafeSubscriber {
                "_complete": undefined,
                "_context": [Circular],
                "_error": undefined,
                "_next": [Function],
                "_parent": null,
                "_parentSubscriber": [Circular],
                "_parentSubscription": null,
                "_parents": null,
                "_subscriptions": null,
                "closed": false,
                "destination": Object {
                  "closed": true,
                  "complete": [Function],
                  "error": [Function],
                  "next": [Function],
                },
                "isStopped": false,
                "syncErrorThrowable": false,
                "syncErrorThrown": false,
                "syncErrorValue": null,
              },
              "isStopped": false,
              "syncErrorThrowable": true,
              "syncErrorThrown": false,
              "syncErrorValue": null,
            },
            "_parentSubscription": null,
            "_parents": null,
            "_subscriptions": Array [
              InnerSubscriber {
                "_parent": [Circular],
                "_parentSubscription": null,
                "_parents": null,
                "_subscriptions": Array [
                  SubjectSubscription {
                    "_parent": [Circular],
                    "_parents": null,
                    "_subscriptions": null,
                    "closed": false,
                    "subject": Subject {
                      "_isScalar": false,
                      "closed": false,
                      "hasError": false,
                      "isStopped": false,
                      "observers": Array [
                        [Circular],
                        InnerSubscriber {
                          "_parent": TakeUntilSubscriber {
                            "_parent": Subscriber {
                              "_parent": null,
                              "_parentSubscription": null,
                              "_parents": null,
                              "_subscriptions": Array [
                                [Circular],
                              ],
                              "closed": false,
                              "destination": SafeSubscriber {
                                "_complete": undefined,
                                "_context": [Circular],
                                "_error": undefined,
                                "_next": [Function],
                                "_parent": null,
                                "_parentSubscriber": [Circular],
                                "_parentSubscription": null,
                                "_parents": null,
                                "_subscriptions": null,
                                "closed": false,
                                "destination": Object {
                                  "closed": true,
                                  "complete": [Function],
                                  "error": [Function],
                                  "next": [Function],
                                },
                                "isStopped": false,
                                "syncErrorThrowable": false,
                                "syncErrorThrown": false,
                                "syncErrorValue": null,
                              },
                              "isStopped": false,
                              "syncErrorThrowable": true,
                              "syncErrorThrown": false,
                              "syncErrorValue": null,
                            },
                            "_parentSubscription": null,
                            "_parents": null,
                            "_subscriptions": Array [
                              [Circular],
                              Subscriber {
                                "_parent": [Circular],
                                "_parentSubscription": null,
                                "_parents": null,
                                "_subscriptions": Array [
                                  SubjectSubscription {
                                    "_parent": [Circular],
                                    "_parents": null,
                                    "_subscriptions": null,
                                    "closed": false,
                                    "subject": EventEmitter {
                                      "__isAsync": false,
                                      "_isScalar": false,
                                      "closed": false,
                                      "hasError": false,
                                      "isStopped": false,
                                      "observers": Array [
                                        Subscriber {
                                          "_parent": null,
                                          "_parentSubscription": null,
                                          "_parents": null,
                                          "_subscriptions": Array [
                                            SubjectSubscription {
                                              "_parent": [Circular],
                                              "_parents": null,
                                              "_subscriptions": null,
                                              "closed": false,
                                              "subject": [Circular],
                                              "subscriber": [Circular],
                                            },
                                          ],
                                          "closed": false,
                                          "destination": SafeSubscriber {
                                            "_complete": [Function],
                                            "_context": [Circular],
                                            "_error": [Function],
                                            "_next": [Function],
                                            "_parent": null,
                                            "_parentSubscriber": [Circular],
                                            "_parentSubscription": null,
                                            "_parents": null,
                                            "_subscriptions": null,
                                            "closed": false,
                                            "destination": Object {
                                              "closed": true,
                                              "complete": [Function],
                                              "error": [Function],
                                              "next": [Function],
                                            },
                                            "isStopped": false,
                                            "syncErrorThrowable": false,
                                            "syncErrorThrown": false,
                                            "syncErrorValue": null,
                                          },
                                          "isStopped": false,
                                          "syncErrorThrowable": true,
                                          "syncErrorThrown": false,
                                          "syncErrorValue": null,
                                        },
                                        [Circular],
                                      ],
                                      "thrownError": null,
                                    },
                                    "subscriber": [Circular],
                                  },
                                ],
                                "closed": false,
                                "destination": SafeSubscriber {
                                  "_complete": [Function],
                                  "_context": [Circular],
                                  "_error": [Function],
                                  "_next": [Function],
                                  "_parent": null,
                                  "_parentSubscriber": [Circular],
                                  "_parentSubscription": null,
                                  "_parents": null,
                                  "_subscriptions": null,
                                  "closed": false,
                                  "destination": Object {
                                    "closed": true,
                                    "complete": [Function],
                                    "error": [Function],
                                    "next": [Function],
                                  },
                                  "isStopped": false,
                                  "syncErrorThrowable": false,
                                  "syncErrorThrown": false,
                                  "syncErrorValue": null,
                                },
                                "isStopped": false,
                                "syncErrorThrowable": true,
                                "syncErrorThrown": false,
                                "syncErrorValue": null,
                              },
                              Subscriber {
                                "_parent": [Circular],
                                "_parentSubscription": null,
                                "_parents": null,
                                "_subscriptions": Array [
                                  SubjectSubscription {
                                    "_parent": [Circular],
                                    "_parents": null,
                                    "_subscriptions": null,
                                    "closed": false,
                                    "subject": EventEmitter {
                                      "__isAsync": false,
                                      "_isScalar": false,
                                      "closed": false,
                                      "hasError": false,
                                      "isStopped": false,
                                      "observers": Array [
                                        Subscriber {
                                          "_parent": null,
                                          "_parentSubscription": null,
                                          "_parents": null,
                                          "_subscriptions": Array [
                                            SubjectSubscription {
                                              "_parent": [Circular],
                                              "_parents": null,
                                              "_subscriptions": null,
                                              "closed": false,
                                              "subject": [Circular],
                                              "subscriber": [Circular],
                                            },
                                          ],
                                          "closed": false,
                                          "destination": SafeSubscriber {
                                            "_complete": [Function],
                                            "_context": [Circular],
                                            "_error": [Function],
                                            "_next": [Function],
                                            "_parent": null,
                                            "_parentSubscriber": [Circular],
                                            "_parentSubscription": null,
                                            "_parents": null,
                                            "_subscriptions": null,
                                            "closed": false,
                                            "destination": Object {
                                              "closed": true,
                                              "complete": [Function],
                                              "error": [Function],
                                              "next": [Function],
                                            },
                                            "isStopped": false,
                                            "syncErrorThrowable": false,
                                            "syncErrorThrown": false,
                                            "syncErrorValue": null,
                                          },
                                          "isStopped": false,
                                          "syncErrorThrowable": true,
                                          "syncErrorThrown": false,
                                          "syncErrorValue": null,
                                        },
                                        [Circular],
                                      ],
                                      "thrownError": null,
                                    },
                                    "subscriber": [Circular],
                                  },
                                ],
                                "closed": false,
                                "destination": SafeSubscriber {
                                  "_complete": [Function],
                                  "_context": [Circular],
                                  "_error": [Function],
                                  "_next": [Function],
                                  "_parent": null,
                                  "_parentSubscriber": [Circular],
                                  "_parentSubscription": null,
                                  "_parents": null,
                                  "_subscriptions": null,
                                  "closed": false,
                                  "destination": Object {
                                    "closed": true,
                                    "complete": [Function],
                                    "error": [Function],
                                    "next": [Function],
                                  },
                                  "isStopped": false,
                                  "syncErrorThrowable": false,
                                  "syncErrorThrown": false,
                                  "syncErrorValue": null,
                                },
                                "isStopped": false,
                                "syncErrorThrowable": true,
                                "syncErrorThrown": false,
                                "syncErrorValue": null,
                              },
                            ],
                            "closed": false,
                            "destination": Subscriber {
                              "_parent": null,
                              "_parentSubscription": null,
                              "_parents": null,
                              "_subscriptions": Array [
                                [Circular],
                              ],
                              "closed": false,
                              "destination": SafeSubscriber {
                                "_complete": undefined,
                                "_context": [Circular],
                                "_error": undefined,
                                "_next": [Function],
                                "_parent": null,
                                "_parentSubscriber": [Circular],
                                "_parentSubscription": null,
                                "_parents": null,
                                "_subscriptions": null,
                                "closed": false,
                                "destination": Object {
                                  "closed": true,
                                  "complete": [Function],
                                  "error": [Function],
                                  "next": [Function],
                                },
                                "isStopped": false,
                                "syncErrorThrowable": false,
                                "syncErrorThrown": false,
                                "syncErrorValue": null,
                              },
                              "isStopped": false,
                              "syncErrorThrowable": true,
                              "syncErrorThrown": false,
                              "syncErrorValue": null,
                            },
                            "isStopped": false,
                            "seenValue": false,
                            "syncErrorThrowable": true,
                            "syncErrorThrown": false,
                            "syncErrorValue": null,
                          },
                          "_parentSubscription": null,
                          "_parents": null,
                          "_subscriptions": Array [
                            SubjectSubscription {
                              "_parent": [Circular],
                              "_parents": null,
                              "_subscriptions": null,
                              "closed": false,
                              "subject": [Circular],
                              "subscriber": [Circular],
                            },
                          ],
                          "closed": false,
                          "destination": Object {
                            "closed": true,
                            "complete": [Function],
                            "error": [Function],
                            "next": [Function],
                          },
                          "index": 0,
                          "isStopped": false,
                          "outerIndex": undefined,
                          "outerValue": undefined,
                          "parent": TakeUntilSubscriber {
                            "_parent": Subscriber {
                              "_parent": null,
                              "_parentSubscription": null,
                              "_parents": null,
                              "_subscriptions": Array [
                                [Circular],
                              ],
                              "closed": false,
                              "destination": SafeSubscriber {
                                "_complete": undefined,
                                "_context": [Circular],
                                "_error": undefined,
                                "_next": [Function],
                                "_parent": null,
                                "_parentSubscriber": [Circular],
                                "_parentSubscription": null,
                                "_parents": null,
                                "_subscriptions": null,
                                "closed": false,
                                "destination": Object {
                                  "closed": true,
                                  "complete": [Function],
                                  "error": [Function],
                                  "next": [Function],
                                },
                                "isStopped": false,
                                "syncErrorThrowable": false,
                                "syncErrorThrown": false,
                                "syncErrorValue": null,
                              },
                              "isStopped": false,
                              "syncErrorThrowable": true,
                              "syncErrorThrown": false,
                              "syncErrorValue": null,
                            },
                            "_parentSubscription": null,
                            "_parents": null,
                            "_subscriptions": Array [
                              [Circular],
                              Subscriber {
                                "_parent": [Circular],
                                "_parentSubscription": null,
                                "_parents": null,
                                "_subscriptions": Array [
                                  SubjectSubscription {
                                    "_parent": [Circular],
                                    "_parents": null,
                                    "_subscriptions": null,
                                    "closed": false,
                                    "subject": EventEmitter {
                                      "__isAsync": false,
                                      "_isScalar": false,
                                      "closed": false,
                                      "hasError": false,
                                      "isStopped": false,
                                      "observers": Array [
                                        Subscriber {
                                          "_parent": null,
                                          "_parentSubscription": null,
                                          "_parents": null,
                                          "_subscriptions": Array [
                                            SubjectSubscription {
                                              "_parent": [Circular],
                                              "_parents": null,
                                              "_subscriptions": null,
                                              "closed": false,
                                              "subject": [Circular],
                                              "subscriber": [Circular],
                                            },
                                          ],
                                          "closed": false,
                                          "destination": SafeSubscriber {
                                            "_complete": [Function],
                                            "_context": [Circular],
                                            "_error": [Function],
                                            "_next": [Function],
                                            "_parent": null,
                                            "_parentSubscriber": [Circular],
                                            "_parentSubscription": null,
                                            "_parents": null,
                                            "_subscriptions": null,
                                            "closed": false,
                                            "destination": Object {
                                              "closed": true,
                                              "complete": [Function],
                                              "error": [Function],
                                              "next": [Function],
                                            },
                                            "isStopped": false,
                                            "syncErrorThrowable": false,
                                            "syncErrorThrown": false,
                                            "syncErrorValue": null,
                                          },
                                          "isStopped": false,
                                          "syncErrorThrowable": true,
                                          "syncErrorThrown": false,
                                          "syncErrorValue": null,
                                        },
                                        [Circular],
                                      ],
                                      "thrownError": null,
                                    },
                                    "subscriber": [Circular],
                                  },
                                ],
                                "closed": false,
                                "destination": SafeSubscriber {
                                  "_complete": [Function],
                                  "_context": [Circular],
                                  "_error": [Function],
                                  "_next": [Function],
                                  "_parent": null,
                                  "_parentSubscriber": [Circular],
                                  "_parentSubscription": null,
                                  "_parents": null,
                                  "_subscriptions": null,
                                  "closed": false,
                                  "destination": Object {
                                    "closed": true,
                                    "complete": [Function],
                                    "error": [Function],
                                    "next": [Function],
                                  },
                                  "isStopped": false,
                                  "syncErrorThrowable": false,
                                  "syncErrorThrown": false,
                                  "syncErrorValue": null,
                                },
                                "isStopped": false,
                                "syncErrorThrowable": true,
                                "syncErrorThrown": false,
                                "syncErrorValue": null,
                              },
                              Subscriber {
                                "_parent": [Circular],
                                "_parentSubscription": null,
                                "_parents": null,
                                "_subscriptions": Array [
                                  SubjectSubscription {
                                    "_parent": [Circular],
                                    "_parents": null,
                                    "_subscriptions": null,
                                    "closed": false,
                                    "subject": EventEmitter {
                                      "__isAsync": false,
                                      "_isScalar": false,
                                      "closed": false,
                                      "hasError": false,
                                      "isStopped": false,
                                      "observers": Array [
                                        Subscriber {
                                          "_parent": null,
                                          "_parentSubscription": null,
                                          "_parents": null,
                                          "_subscriptions": Array [
                                            SubjectSubscription {
                                              "_parent": [Circular],
                                              "_parents": null,
                                              "_subscriptions": null,
                                              "closed": false,
                                              "subject": [Circular],
                                              "subscriber": [Circular],
                                            },
                                          ],
                                          "closed": false,
                                          "destination": SafeSubscriber {
                                            "_complete": [Function],
                                            "_context": [Circular],
                                            "_error": [Function],
                                            "_next": [Function],
                                            "_parent": null,
                                            "_parentSubscriber": [Circular],
                                            "_parentSubscription": null,
                                            "_parents": null,
                                            "_subscriptions": null,
                                            "closed": false,
                                            "destination": Object {
                                              "closed": true,
                                              "complete": [Function],
                                              "error": [Function],
                                              "next": [Function],
                                            },
                                            "isStopped": false,
                                            "syncErrorThrowable": false,
                                            "syncErrorThrown": false,
                                            "syncErrorValue": null,
                                          },
                                          "isStopped": false,
                                          "syncErrorThrowable": true,
                                          "syncErrorThrown": false,
                                          "syncErrorValue": null,
                                        },
                                        [Circular],
                                      ],
                                      "thrownError": null,
                                    },
                                    "subscriber": [Circular],
                                  },
                                ],
                                "closed": false,
                                "destination": SafeSubscriber {
                                  "_complete": [Function],
                                  "_context": [Circular],
                                  "_error": [Function],
                                  "_next": [Function],
                                  "_parent": null,
                                  "_parentSubscriber": [Circular],
                                  "_parentSubscription": null,
                                  "_parents": null,
                                  "_subscriptions": null,
                                  "closed": false,
                                  "destination": Object {
                                    "closed": true,
                                    "complete": [Function],
                                    "error": [Function],
                                    "next": [Function],
                                  },
                                  "isStopped": false,
                                  "syncErrorThrowable": false,
                                  "syncErrorThrown": false,
                                  "syncErrorValue": null,
                                },
                                "isStopped": false,
                                "syncErrorThrowable": true,
                                "syncErrorThrown": false,
                                "syncErrorValue": null,
                              },
                            ],
                            "closed": false,
                            "destination": Subscriber {
                              "_parent": null,
                              "_parentSubscription": null,
                              "_parents": null,
                              "_subscriptions": Array [
                                [Circular],
                              ],
                              "closed": false,
                              "destination": SafeSubscriber {
                                "_complete": undefined,
                                "_context": [Circular],
                                "_error": undefined,
                                "_next": [Function],
                                "_parent": null,
                                "_parentSubscriber": [Circular],
                                "_parentSubscription": null,
                                "_parents": null,
                                "_subscriptions": null,
                                "closed": false,
                                "destination": Object {
                                  "closed": true,
                                  "complete": [Function],
                                  "error": [Function],
                                  "next": [Function],
                                },
                                "isStopped": false,
                                "syncErrorThrowable": false,
                                "syncErrorThrown": false,
                                "syncErrorValue": null,
                              },
                              "isStopped": false,
                              "syncErrorThrowable": true,
                              "syncErrorThrown": false,
                              "syncErrorValue": null,
                            },
                            "isStopped": false,
                            "seenValue": false,
                            "syncErrorThrowable": true,
                            "syncErrorThrown": false,
                            "syncErrorValue": null,
                          },
                          "syncErrorThrowable": false,
                          "syncErrorThrown": false,
                          "syncErrorValue": null,
                        },
                        InnerSubscriber {
                          "_parent": TakeUntilSubscriber {
                            "_parent": Subscriber {
                              "_parent": null,
                              "_parentSubscription": null,
                              "_parents": null,
                              "_subscriptions": Array [
                                [Circular],
                              ],
                              "closed": false,
                              "destination": SafeSubscriber {
                                "_complete": undefined,
                                "_context": [Circular],
                                "_error": undefined,
                                "_next": [Function],
                                "_parent": null,
                                "_parentSubscriber": [Circular],
                                "_parentSubscription": null,
                                "_parents": null,
                                "_subscriptions": null,
                                "closed": false,
                                "destination": Object {
                                  "closed": true,
                                  "complete": [Function],
                                  "error": [Function],
                                  "next": [Function],
                                },
                                "isStopped": false,
                                "syncErrorThrowable": false,
                                "syncErrorThrown": false,
                                "syncErrorValue": null,
                              },
                              "isStopped": false,
                              "syncErrorThrowable": true,
                              "syncErrorThrown": false,
                              "syncErrorValue": null,
                            },
                            "_parentSubscription": null,
                            "_parents": null,
                            "_subscriptions": Array [
                              [Circular],
                              Subscriber {
                                "_parent": [Circular],
                                "_parentSubscription": null,
                                "_parents": null,
                                "_subscriptions": Array [
                                  SubjectSubscription {
                                    "_parent": [Circular],
                                    "_parents": null,
                                    "_subscriptions": null,
                                    "closed": false,
                                    "subject": EventEmitter {
                                      "__isAsync": false,
                                      "_isScalar": false,
                                      "closed": false,
                                      "hasError": false,
                                      "isStopped": false,
                                      "observers": Array [
                                        [Circular],
                                      ],
                                      "thrownError": null,
                                    },
                                    "subscriber": [Circular],
                                  },
                                ],
                                "closed": false,
                                "destination": SafeSubscriber {
                                  "_complete": [Function],
                                  "_context": [Circular],
                                  "_error": [Function],
                                  "_next": [Function],
                                  "_parent": null,
                                  "_parentSubscriber": [Circular],
                                  "_parentSubscription": null,
                                  "_parents": null,
                                  "_subscriptions": null,
                                  "closed": false,
                                  "destination": Object {
                                    "closed": true,
                                    "complete": [Function],
                                    "error": [Function],
                                    "next": [Function],
                                  },
                                  "isStopped": false,
                                  "syncErrorThrowable": false,
                                  "syncErrorThrown": false,
                                  "syncErrorValue": null,
                                },
                                "isStopped": false,
                                "syncErrorThrowable": true,
                                "syncErrorThrown": false,
                                "syncErrorValue": null,
                              },
                            ],
                            "closed": false,
                            "destination": Subscriber {
                              "_parent": null,
                              "_parentSubscription": null,
                              "_parents": null,
                              "_subscriptions": Array [
                                [Circular],
                              ],
                              "closed": false,
                              "destination": SafeSubscriber {
                                "_complete": undefined,
                                "_context": [Circular],
                                "_error": undefined,
                                "_next": [Function],
                                "_parent": null,
                                "_parentSubscriber": [Circular],
                                "_parentSubscription": null,
                                "_parents": null,
                                "_subscriptions": null,
                                "closed": false,
                                "destination": Object {
                                  "closed": true,
                                  "complete": [Function],
                                  "error": [Function],
                                  "next": [Function],
                                },
                                "isStopped": false,
                                "syncErrorThrowable": false,
                                "syncErrorThrown": false,
                                "syncErrorValue": null,
                              },
                              "isStopped": false,
                              "syncErrorThrowable": true,
                              "syncErrorThrown": false,
                              "syncErrorValue": null,
                            },
                            "isStopped": false,
                            "seenValue": false,
                            "syncErrorThrowable": true,
                            "syncErrorThrown": false,
                            "syncErrorValue": null,
                          },
                          "_parentSubscription": null,
                          "_parents": null,
                          "_subscriptions": Array [
                            SubjectSubscription {
                              "_parent": [Circular],
                              "_parents": null,
                              "_subscriptions": null,
                              "closed": false,
                              "subject": [Circular],
                              "subscriber": [Circular],
                            },
                          ],
                          "closed": false,
                          "destination": Object {
                            "closed": true,
                            "complete": [Function],
                            "error": [Function],
                            "next": [Function],
                          },
                          "index": 0,
                          "isStopped": false,
                          "outerIndex": undefined,
                          "outerValue": undefined,
                          "parent": TakeUntilSubscriber {
                            "_parent": Subscriber {
                              "_parent": null,
                              "_parentSubscription": null,
                              "_parents": null,
                              "_subscriptions": Array [
                                [Circular],
                              ],
                              "closed": false,
                              "destination": SafeSubscriber {
                                "_complete": undefined,
                                "_context": [Circular],
                                "_error": undefined,
                                "_next": [Function],
                                "_parent": null,
                                "_parentSubscriber": [Circular],
                                "_parentSubscription": null,
                                "_parents": null,
                                "_subscriptions": null,
                                "closed": false,
                                "destination": Object {
                                  "closed": true,
                                  "complete": [Function],
                                  "error": [Function],
                                  "next": [Function],
                                },
                                "isStopped": false,
                                "syncErrorThrowable": false,
                                "syncErrorThrown": false,
                                "syncErrorValue": null,
                              },
                              "isStopped": false,
                              "syncErrorThrowable": true,
                              "syncErrorThrown": false,
                              "syncErrorValue": null,
                            },
                            "_parentSubscription": null,
                            "_parents": null,
                            "_subscriptions": Array [
                              [Circular],
                              Subscriber {
                                "_parent": [Circular],
                                "_parentSubscription": null,
                                "_parents": null,
                                "_subscriptions": Array [
                                  SubjectSubscription {
                                    "_parent": [Circular],
                                    "_parents": null,
                                    "_subscriptions": null,
                                    "closed": false,
                                    "subject": EventEmitter {
                                      "__isAsync": false,
                                      "_isScalar": false,
                                      "closed": false,
                                      "hasError": false,
                                      "isStopped": false,
                                      "observers": Array [
                                        [Circular],
                                      ],
                                      "thrownError": null,
                                    },
                                    "subscriber": [Circular],
                                  },
                                ],
                                "closed": false,
                                "destination": SafeSubscriber {
                                  "_complete": [Function],
                                  "_context": [Circular],
                                  "_error": [Function],
                                  "_next": [Function],
                                  "_parent": null,
                                  "_parentSubscriber": [Circular],
                                  "_parentSubscription": null,
                                  "_parents": null,
                                  "_subscriptions": null,
                                  "closed": false,
                                  "destination": Object {
                                    "closed": true,
                                    "complete": [Function],
                                    "error": [Function],
                                    "next": [Function],
                                  },
                                  "isStopped": false,
                                  "syncErrorThrowable": false,
                                  "syncErrorThrown": false,
                                  "syncErrorValue": null,
                                },
                                "isStopped": false,
                                "syncErrorThrowable": true,
                                "syncErrorThrown": false,
                                "syncErrorValue": null,
                              },
                            ],
                            "closed": false,
                            "destination": Subscriber {
                              "_parent": null,
                              "_parentSubscription": null,
                              "_parents": null,
                              "_subscriptions": Array [
                                [Circular],
                              ],
                              "closed": false,
                              "destination": SafeSubscriber {
                                "_complete": undefined,
                                "_context": [Circular],
                                "_error": undefined,
                                "_next": [Function],
                                "_parent": null,
                                "_parentSubscriber": [Circular],
                                "_parentSubscription": null,
                                "_parents": null,
                                "_subscriptions": null,
                                "closed": false,
                                "destination": Object {
                                  "closed": true,
                                  "complete": [Function],
                                  "error": [Function],
                                  "next": [Function],
                                },
                                "isStopped": false,
                                "syncErrorThrowable": false,
                                "syncErrorThrown": false,
                                "syncErrorValue": null,
                              },
                              "isStopped": false,
                              "syncErrorThrowable": true,
                              "syncErrorThrown": false,
                              "syncErrorValue": null,
                            },
                            "isStopped": false,
                            "seenValue": false,
                            "syncErrorThrowable": true,
                            "syncErrorThrown": false,
                            "syncErrorValue": null,
                          },
                          "syncErrorThrowable": false,
                          "syncErrorThrown": false,
                          "syncErrorValue": null,
                        },
                      ],
                      "thrownError": null,
                    },
                    "subscriber": [Circular],
                  },
                ],
                "closed": false,
                "destination": Object {
                  "closed": true,
                  "complete": [Function],
                  "error": [Function],
                  "next": [Function],
                },
                "index": 0,
                "isStopped": false,
                "outerIndex": undefined,
                "outerValue": undefined,
                "parent": [Circular],
                "syncErrorThrowable": false,
                "syncErrorThrown": false,
                "syncErrorValue": null,
              },
              [Circular],
            ],
            "closed": false,
            "destination": Subscriber {
              "_parent": null,
              "_parentSubscription": null,
              "_parents": null,
              "_subscriptions": Array [
                [Circular],
              ],
              "closed": false,
              "destination": SafeSubscriber {
                "_complete": undefined,
                "_context": [Circular],
                "_error": undefined,
                "_next": [Function],
                "_parent": null,
                "_parentSubscriber": [Circular],
                "_parentSubscription": null,
                "_parents": null,
                "_subscriptions": null,
                "closed": false,
                "destination": Object {
                  "closed": true,
                  "complete": [Function],
                  "error": [Function],
                  "next": [Function],
                },
                "isStopped": false,
                "syncErrorThrowable": false,
                "syncErrorThrown": false,
                "syncErrorValue": null,
              },
              "isStopped": false,
              "syncErrorThrowable": true,
              "syncErrorThrown": false,
              "syncErrorValue": null,
            },
            "isStopped": false,
            "seenValue": false,
            "syncErrorThrowable": true,
            "syncErrorThrown": false,
            "syncErrorValue": null,
          },
          "_parentSubscription": null,
          "_parents": null,
          "_subscriptions": Array [
            SubjectSubscription {
              "_parent": [Circular],
              "_parents": null,
              "_subscriptions": null,
              "closed": false,
              "subject": [Circular],
              "subscriber": [Circular],
            },
          ],
          "closed": false,
          "destination": SafeSubscriber {
            "_complete": [Function],
            "_context": [Circular],
            "_error": [Function],
            "_next": [Function],
            "_parent": null,
            "_parentSubscriber": [Circular],
            "_parentSubscription": null,
            "_parents": null,
            "_subscriptions": null,
            "closed": false,
            "destination": Object {
              "closed": true,
              "complete": [Function],
              "error": [Function],
              "next": [Function],
            },
            "isStopped": false,
            "syncErrorThrowable": false,
            "syncErrorThrown": false,
            "syncErrorValue": null,
          },
          "isStopped": false,
          "syncErrorThrowable": true,
          "syncErrorThrown": false,
          "syncErrorValue": null,
        },
      ],
      "thrownError": null,
    },
  },
  "resolve": Object {},
}
`;
